// Jest Snapshot v1, https://goo.gl/fbAQLP

exports[`Sui Test GifGridItem should be render correctly 1`] = `
<div
  className="card animate__animated animate__fadeIn"
>
  <img
    alt="Titulo"
    src="http://localhost:algo.jpg"
  />
  <p>
    Titulo
  </p>
</div>
`;
